// Jest Snapshot v1, https://goo.gl/fbAQLP

exports[`Authentication/FormContent component renders correctly 1`] = `
.c0 {
  -webkit-border-radius: 10px 10px 10px 10px;
  border-radius: 10px 10px 10px 10px;
  background: #fff;
  padding: 30px;
  width: 90%;
  max-width: 450px;
  position: relative;
  padding: 0px;
  -webkit-box-shadow: 0 30px 60px 0 rgba(0,0,0,0.3);
  box-shadow: 0 30px 60px 0 rgba(0,0,0,0.3);
  text-align: center;
}

@media (max-width:420px) {
  .c0 {
    width: 100%;
  }
}

<div
  className="c0"
>
  Some content
</div>
`;
