// Jest Snapshot v1, https://goo.gl/fbAQLP

exports[`UserSettings container renders correctly 1`] = `
<div
  className="Wrapper-m60uq5-0 hkWJUG"
>
  <header
    className="MuiPaper-root-10 MuiPaper-elevation4-16 MuiAppBar-root-1 MuiAppBar-positionStatic-5 MuiAppBar-colorPrimary-8"
  >
    <div
      className="MuiToolbar-root-37 MuiToolbar-regular-39 MuiToolbar-gutters-38"
    >
      <button
        aria-label="Menu"
        className="MuiButtonBase-root-47 MuiIconButton-root-41 MuiIconButton-colorSecondary-44 CustomIconButton-sc-1edavx9-0 eiNqgO"
        disabled={false}
        onBlur={[Function]}
        onFocus={[Function]}
        onKeyDown={[Function]}
        onKeyUp={[Function]}
        onMouseDown={[Function]}
        onMouseLeave={[Function]}
        onMouseUp={[Function]}
        onTouchEnd={[Function]}
        onTouchMove={[Function]}
        onTouchStart={[Function]}
        tabIndex="0"
        type="button"
      >
        <span
          className="MuiIconButton-label-46"
        >
          <svg
            aria-hidden="true"
            className="MuiSvgIcon-root-50"
            focusable="false"
            onClick={[Function]}
            role="presentation"
            viewBox="0 0 24 24"
          >
            <path
              d="M0 0h24v24H0z"
              fill="none"
            />
            <path
              d="M20 11H7.83l5.59-5.59L12 4l-8 8 8 8 1.41-1.41L7.83 13H20v-2z"
            />
          </svg>
        </span>
        <span
          className="MuiTouchRipple-root-187"
        />
      </button>
      <img
        alt="logo"
        className="Logo-sc-1vcm3wd-0 lmrySJ"
        src="logo.png"
      />
      <h6
        className="MuiTypography-root-59 MuiTypography-h6-76 MuiTypography-colorSecondary-90 CustomTypography-e31nmz-0 kgGAHm"
      >
        User Settings
      </h6>
    </div>
  </header>
  <div
    className="Form-ycfidt-0 jwaFmv"
  >
    <div
      className="FormControls-sc-7fqkjw-0 dcNCfX"
    >
      <div
        className="InputWrapper-sc-1a0h3fv-0 hchKYo"
      >
        <div
          className="MuiFormControl-root-94 CustomTextField-uzoay-0 ewXInx"
        >
          <label
            className="MuiFormLabel-root-109 MuiFormLabel-filled-113 MuiInputLabel-root-98 MuiInputLabel-formControl-103 MuiInputLabel-animated-106 MuiInputLabel-shrink-105"
            data-shrink={true}
            htmlFor="name"
          >
            Full name
          </label>
          <div
            className="MuiInputBase-root-129 MuiInput-root-116 MuiInput-underline-120 MuiInputBase-formControl-130 MuiInput-formControl-117"
            onClick={[Function]}
          >
            <input
              aria-invalid={false}
              className="MuiInputBase-input-139 MuiInput-input-124"
              disabled={false}
              id="name"
              name="name"
              onBlur={[Function]}
              onChange={[Function]}
              onFocus={[Function]}
              required={false}
              type="text"
              value="John"
            />
          </div>
        </div>
      </div>
      <div
        className="InputWrapper-sc-1a0h3fv-0 hchKYo"
      >
        <div
          aria-describedby="calories-helper-text"
          className="MuiFormControl-root-94 CustomTextField-uzoay-0 ewXInx"
        >
          <label
            className="MuiFormLabel-root-109 MuiFormLabel-filled-113 MuiInputLabel-root-98 MuiInputLabel-formControl-103 MuiInputLabel-animated-106 MuiInputLabel-shrink-105"
            data-shrink={true}
            htmlFor="calories"
          >
            Daily calories
          </label>
          <div
            className="MuiInputBase-root-129 MuiInput-root-116 MuiInput-underline-120 MuiInputBase-formControl-130 MuiInput-formControl-117"
            onClick={[Function]}
          >
            <input
              aria-invalid={false}
              className="MuiInputBase-input-139 MuiInput-input-124"
              disabled={false}
              id="calories"
              name="calories"
              onBlur={[Function]}
              onChange={[Function]}
              onFocus={[Function]}
              required={false}
              type="text"
              value={2000}
            />
          </div>
          <p
            className="MuiFormHelperText-root-146 MuiFormHelperText-filled-152"
            id="calories-helper-text"
          >
            It's your expected calorie intake per day
          </p>
        </div>
      </div>
    </div>
    <button
      className="MuiButtonBase-root-47 MuiButtonBase-disabled-48 MuiButton-root-154 MuiButton-contained-165 MuiButton-containedPrimary-166 MuiButton-raised-168 MuiButton-raisedPrimary-169 MuiButton-disabled-174"
      disabled={true}
      name="submit-account-update"
      onBlur={[Function]}
      onClick={[Function]}
      onFocus={[Function]}
      onKeyDown={[Function]}
      onKeyUp={[Function]}
      onMouseDown={[Function]}
      onMouseLeave={[Function]}
      onMouseUp={[Function]}
      onTouchEnd={[Function]}
      onTouchMove={[Function]}
      onTouchStart={[Function]}
      tabIndex="-1"
      type="button"
    >
      <span
        className="MuiButton-label-155"
      >
        Save Changes
      </span>
    </button>
  </div>
</div>
`;
