// Jest Snapshot v1, https://goo.gl/fbAQLP

exports[`Dashboard/CustomTextField component renders correctly 1`] = `
.c0 {
  width: 250px;
  margin: 20px;
}

<div
  className="MuiFormControl-root-1 c0"
>
  <div
    className="MuiInputBase-root-18 MuiInput-root-5 MuiInput-underline-9 MuiInputBase-formControl-19 MuiInput-formControl-6"
    onClick={[Function]}
  >
    <input
      aria-invalid={false}
      className="MuiInputBase-input-28 MuiInput-input-13"
      disabled={false}
      onBlur={[Function]}
      onChange={[Function]}
      onFocus={[Function]}
      required={false}
      type="text"
      value="some-value"
    />
  </div>
</div>
`;
