// Jest Snapshot v1, https://goo.gl/fbAQLP

exports[`Dashboard/Card/CardActions component renders correctly 1`] = `
.c0 {
  width: 100px;
}

<div
  className="c0"
>
  <button
    className="MuiButtonBase-root-7 MuiIconButton-root-1"
    disabled={false}
    name="edit-meal"
    onBlur={[Function]}
    onClick={[Function]}
    onFocus={[Function]}
    onKeyDown={[Function]}
    onKeyUp={[Function]}
    onMouseDown={[Function]}
    onMouseLeave={[Function]}
    onMouseUp={[Function]}
    onTouchEnd={[Function]}
    onTouchMove={[Function]}
    onTouchStart={[Function]}
    tabIndex="0"
    type="button"
  >
    <span
      className="MuiIconButton-label-6"
    >
      <svg
        aria-hidden="true"
        className="MuiSvgIcon-root-10"
        focusable="false"
        role="presentation"
        viewBox="0 0 24 24"
      >
        <path
          d="M3 17.25V21h3.75L17.81 9.94l-3.75-3.75L3 17.25zM20.71 7.04c.39-.39.39-1.02 0-1.41l-2.34-2.34a.9959.9959 0 0 0-1.41 0l-1.83 1.83 3.75 3.75 1.83-1.83z"
        />
        <path
          d="M0 0h24v24H0z"
          fill="none"
        />
      </svg>
    </span>
    <span
      className="MuiTouchRipple-root-19"
    />
  </button>
  <button
    className="MuiButtonBase-root-7 MuiIconButton-root-1"
    disabled={false}
    name="delete-meal"
    onBlur={[Function]}
    onClick={[Function]}
    onFocus={[Function]}
    onKeyDown={[Function]}
    onKeyUp={[Function]}
    onMouseDown={[Function]}
    onMouseLeave={[Function]}
    onMouseUp={[Function]}
    onTouchEnd={[Function]}
    onTouchMove={[Function]}
    onTouchStart={[Function]}
    tabIndex="0"
    type="button"
  >
    <span
      className="MuiIconButton-label-6"
    >
      <svg
        aria-hidden="true"
        className="MuiSvgIcon-root-10"
        focusable="false"
        role="presentation"
        viewBox="0 0 24 24"
      >
        <path
          d="M6 19c0 1.1.9 2 2 2h8c1.1 0 2-.9 2-2V7H6v12zM19 4h-3.5l-1-1h-5l-1 1H5v2h14V4z"
        />
        <path
          d="M0 0h24v24H0z"
          fill="none"
        />
      </svg>
    </span>
    <span
      className="MuiTouchRipple-root-19"
    />
  </button>
</div>
`;
